MPLINK 5.08, LINKER
Linker Map File - Created Sat Sep 04 10:52:02 2021

                                 Section Info
                  Section       Type    Address   Location Size(Bytes)
                ---------  ---------  ---------  ---------  ---------
                   .org_0       code   0x000000    program   0x00004e
                   .cinit    romdata   0x000027    program   0x000004



                              Program Memory Usage 
                               Start         End      
                           ---------   ---------      
                            0x000000    0x000028      
            41 out of 1094 program addresses used, program memory utilization is 3%



                              Symbols - Sorted by Name
                     Name    Address   Location    Storage File                     
                ---------  ---------  ---------  --------- ---------                
                 check_on   0x000009    program     static C:\Users\Ketheesram\Desktop\Last and final.X\Final.asm
                check_on1   0x00000f    program     static C:\Users\Ketheesram\Desktop\Last and final.X\Final.asm
                check_on2   0x000015    program     static C:\Users\Ketheesram\Desktop\Last and final.X\Final.asm
                check_on3   0x00001b    program     static C:\Users\Ketheesram\Desktop\Last and final.X\Final.asm
                check_on4   0x000021    program     static C:\Users\Ketheesram\Desktop\Last and final.X\Final.asm
                    setup   0x000007    program     static C:\Users\Ketheesram\Desktop\Last and final.X\Final.asm



                              Symbols - Sorted by Address
                     Name    Address   Location    Storage File                     
                ---------  ---------  ---------  --------- ---------                
                    setup   0x000007    program     static C:\Users\Ketheesram\Desktop\Last and final.X\Final.asm
                 check_on   0x000009    program     static C:\Users\Ketheesram\Desktop\Last and final.X\Final.asm
                check_on1   0x00000f    program     static C:\Users\Ketheesram\Desktop\Last and final.X\Final.asm
                check_on2   0x000015    program     static C:\Users\Ketheesram\Desktop\Last and final.X\Final.asm
                check_on3   0x00001b    program     static C:\Users\Ketheesram\Desktop\Last and final.X\Final.asm
                check_on4   0x000021    program     static C:\Users\Ketheesram\Desktop\Last and final.X\Final.asm


